/post/java-se-di-er-jiang-yuan-sheng-shu-ju-lei-xing.html /post/primitive-data-type.html;
/post/java-se-di-san-jiang-yuan-sheng-shu-ju-lei-xing-sh.html /post/pitfalls-of-using-primitive-data-types.html;
/post/java-se-di-si-jiang-yun-suan-fu.html /post/java-operator.html;
/post/java-se-di-wu-jiang-yun-suan-fu-xu.html /post/java-operator-continued.html;
/post/java-se-di-liu-jiang-liu-cheng-kong-zhi-yu-ju.html /post/java-flow-control-statement.html;
/post/java-se-di-qi-jiang-liu-cheng-kong-zhi-xu.html /post/java-flow-control-statement-continued.html;
/post/java-se-di-ba-jiang-li-jie-mian-xiang-dui-xiang-ch.html /post/understand-java-object-oriented-programming.html;
/post/java-se-di-jiu-jiang-mian-xiang-dui-xiang-zhi-feng.html /post/java-object-oriented-encapsulation.html;
/post/java-se-di-shi-jiang-mian-xiang-dui-xiang-zhi-feng.html /post/java-object-oriented-encapsulation-continued.html;
/post/java-se-di-shi-yi-jiang-mian-xiang-dui-xiang-zhi.html /post/java-object-oriented-encapsulation-continued-two.html;
/post/java-se-lesson-1-mian-xiang-dui-xiang-gao-ji.html /post/java-object-oriented-advanced.html;
/post/java-se-lesson-2-duo-tai-yustatic-guan-jian-zi.html /post/java-polymorphism-and-static-keyword.html;
/pages/6bb664/ /post/rpc-architecture-design.html;
/pages/873f95/ /post/netty-core-principles.html;
/pages/90159c/ /post/introduction-to-netty-core-api.html;
/pages/c88040/ /post/introduction-to-netty-and-asynchronous-model.html;
/pages/790154/ /post/netty-codec.html;
/pages/efebb8/ /post/http-server-development-based-on-netty.html;
/pages/9e9c5b/ /post/develop-web-chat-room-with-netty-websocket.html;
/pages/19a0ff/ /post/solution-of-sticking-and-unpacking-in-netty.html;
/pages/1a355e/ /post/nety-source-code-analysis.html;
/pages/58ebfd/ /post/distributed-architecture-network-communication-theory-of-custom-rpc-framework.html;
/pages/34db30/ /post/rpc-introduction.html;
/pages/4d48ad/ /post/two-phase-commit-protocol-of-distributed-consistency-protocol.html;
/pages/d997f1/ /post/heartbeat-detection-of-distributed-system-design-strategy.html;
/pages/30f6b3/ /post/opening-and-closing-principles-of-basic-principles-of-architecture-design.html;
/post/deepin-config-typora-and-picgo-to-implement-gitHub-pic-cdn.html /post/deepin-config-typora-and-picgo-to-store-image-via-github.html;
/pages/97dc60/ /post/jvm-read-menu.html;
/pages/6bce47/ /post/java-multithreading-and-concurrent-reading-menu.html;
/distributed-architecture-theory-reading-menu.html /post/distributed-architecture-theory-reading-menu.html;
/pages/47cf96/ /post/commmon-front-lib.html;